185.220.101.1 - - [06/May/2026:06:57:28 +0000] "GET /search?q='+OR+'1'='1 HTTP/1.1" 500 32731 "-" "Mozilla/5.0 (Macintosh; Intel Mac OS X 10_15_7)"
185.56.83.100 - - [06/May/2026:10:11:28 +0000] "GET /static/../../../../etc/passwd HTTP/1.1" 403 33942 "-" "Mozilla/5.0 (Windows NT 10.0; Win64; x64) AppleWebKit/537.36"
10.0.0.5 - - [06/May/2026:06:42:28 +0000] "GET /api/users/me HTTP/1.1" 200 28211 "-" "curl/7.68.0"
10.0.0.15 - - [06/May/2026:09:47:28 +0000] "GET /css/style.css HTTP/1.1" 200 34359 "-" "Nikto/2.1.6"
192.168.1.10 - - [06/May/2026:13:02:28 +0000] "GET /contact HTTP/1.1" 200 3458 "-" "curl/7.68.0"
116.105.212.50 - - [06/May/2026:11:54:28 +0000] "GET /profile?name=<script>document.cookie</script> HTTP/1.1" 200 18839 "-" "curl/7.68.0"
23.129.64.100 - - [06/May/2026:11:59:28 +0000] "GET /search?q='+OR+'1'='1 HTTP/1.1" 500 21840 "-" "curl/7.68.0"
45.95.169.88 - - [06/May/2026:06:20:28 +0000] "GET /api/data?id=1+UNION+SELECT+*+FROM+users-- HTTP/1.1" 403 20101 "-" "python-requests/2.28.0"
172.16.0.200 - - [06/May/2026:06:00:28 +0000] "GET /contact HTTP/1.1" 200 43642 "-" "Mozilla/5.0 (Windows NT 10.0; Win64; x64) AppleWebKit/537.36"
103.251.167.10 - - [06/May/2026:10:47:28 +0000] "GET /profile?name=<script>document.cookie</script> HTTP/1.1" 200 21884 "-" "sqlmap/1.7"
89.248.167.131 - - [06/May/2026:06:43:28 +0000] "GET /profile?name=<script>document.cookie</script> HTTP/1.1" 403 34703 "-" "python-requests/2.28.0"
194.165.16.77 - - [06/May/2026:11:22:28 +0000] "GET /products?cat=1;+DROP+TABLE+users-- HTTP/1.1" 500 25229 "-" "sqlmap/1.7"
172.16.0.200 - - [06/May/2026:10:55:28 +0000] "GET /api/products HTTP/1.1" 200 38553 "-" "curl/7.68.0"
192.168.1.10 - - [06/May/2026:10:49:28 +0000] "GET /api/products HTTP/1.1" 200 2900 "-" "python-requests/2.28.0"
23.129.64.100 - - [06/May/2026:10:53:28 +0000] "POST /api/login HTTP/1.1" 401 15993 "-" "python-requests/2.28.0"
162.247.74.204 - - [06/May/2026:06:17:28 +0000] "GET /profile?name=<script>document.cookie</script> HTTP/1.1" 403 14031 "-" "python-requests/2.28.0"
45.155.205.233 - - [06/May/2026:09:05:28 +0000] "GET /search?q='+OR+'1'='1 HTTP/1.1" 500 37098 "-" "Mozilla/5.0 (Windows NT 10.0; Win64; x64) AppleWebKit/537.36"
10.0.0.5 - - [06/May/2026:11:51:28 +0000] "GET /about HTTP/1.1" 200 5125 "-" "Nikto/2.1.6"
185.56.83.100 - - [06/May/2026:07:34:28 +0000] "GET /admin/config HTTP/1.1" 404 36481 "-" "curl/7.68.0"
10.0.0.5 - - [06/May/2026:08:26:28 +0000] "GET /contact HTTP/1.1" 200 43770 "-" "Mozilla/5.0 (Macintosh; Intel Mac OS X 10_15_7)"
103.251.167.10 - - [06/May/2026:06:35:28 +0000] "GET /images/../../../etc/shadow HTTP/1.1" 403 32658 "-" "python-requests/2.28.0"
51.75.52.118 - - [06/May/2026:09:17:28 +0000] "GET /admin/wp-login.php HTTP/1.1" 404 28059 "-" "Nikto/2.1.6"
172.16.0.100 - - [06/May/2026:09:16:28 +0000] "GET /images/logo.png HTTP/1.1" 200 24916 "-" "curl/7.68.0"
10.0.0.5 - - [06/May/2026:10:02:28 +0000] "GET /api/users/me HTTP/1.1" 200 39416 "-" "curl/7.68.0"
116.105.212.50 - - [06/May/2026:05:50:28 +0000] "GET /products?cat=1;+DROP+TABLE+users-- HTTP/1.1" 200 38319 "-" "curl/7.68.0"
192.168.1.20 - - [06/May/2026:13:27:28 +0000] "GET /dashboard HTTP/1.1" 200 24180 "-" "curl/7.68.0"
171.25.193.20 - - [06/May/2026:11:46:28 +0000] "POST /api/login HTTP/1.1" 401 28670 "-" "sqlmap/1.7"
10.0.0.15 - - [06/May/2026:12:24:28 +0000] "GET /contact HTTP/1.1" 200 20824 "-" "sqlmap/1.7"
45.155.205.233 - - [06/May/2026:06:53:28 +0000] "POST /api/login HTTP/1.1" 401 20098 "-" "python-requests/2.28.0"
103.251.167.10 - - [06/May/2026:07:36:28 +0000] "GET /search?q='+OR+'1'='1 HTTP/1.1" 403 25509 "-" "Mozilla/5.0 (Windows NT 10.0; Win64; x64) AppleWebKit/537.36"
192.168.1.20 - - [06/May/2026:06:38:28 +0000] "GET /images/logo.png HTTP/1.1" 200 23939 "-" "python-requests/2.28.0"
92.118.160.1 - - [06/May/2026:10:50:28 +0000] "GET /login?user=admin'-- HTTP/1.1" 200 27484 "-" "sqlmap/1.7"
109.70.100.1 - - [06/May/2026:13:33:28 +0000] "GET /api/data?id=1+UNION+SELECT+*+FROM+users-- HTTP/1.1" 500 15575 "-" "curl/7.68.0"
192.168.1.20 - - [06/May/2026:06:27:28 +0000] "GET /index.html HTTP/1.1" 200 27634 "-" "Nikto/2.1.6"
192.168.1.20 - - [06/May/2026:13:44:28 +0000] "GET /js/app.js HTTP/1.1" 200 8486 "-" "python-requests/2.28.0"
192.168.1.10 - - [06/May/2026:05:43:28 +0000] "GET /api/users/me HTTP/1.1" 200 22620 "-" "Mozilla/5.0 (Macintosh; Intel Mac OS X 10_15_7)"
194.165.16.77 - - [06/May/2026:11:35:28 +0000] "GET /search?q='+OR+'1'='1 HTTP/1.1" 403 33471 "-" "Mozilla/5.0 (Windows NT 10.0; Win64; x64) AppleWebKit/537.36"
172.16.0.100 - - [06/May/2026:06:34:28 +0000] "GET /js/app.js HTTP/1.1" 200 7648 "-" "python-requests/2.28.0"
162.247.74.204 - - [06/May/2026:07:24:28 +0000] "GET /download?file=../../../etc/hosts HTTP/1.1" 403 39780 "-" "Mozilla/5.0 (Windows NT 10.0; Win64; x64) AppleWebKit/537.36"
103.251.167.10 - - [06/May/2026:12:36:28 +0000] "GET /static/../../../../etc/passwd HTTP/1.1" 403 8678 "-" "python-requests/2.28.0"
172.16.0.200 - - [06/May/2026:10:58:28 +0000] "GET /dashboard HTTP/1.1" 200 2981 "-" "sqlmap/1.7"
172.16.0.100 - - [06/May/2026:10:23:28 +0000] "GET /about HTTP/1.1" 200 31424 "-" "sqlmap/1.7"
171.25.193.20 - - [06/May/2026:07:51:28 +0000] "GET /download?file=../../../etc/hosts HTTP/1.1" 403 28714 "-" "Nikto/2.1.6"
10.0.0.5 - - [06/May/2026:13:04:28 +0000] "GET /css/style.css HTTP/1.1" 200 22733 "-" "sqlmap/1.7"
172.16.0.100 - - [06/May/2026:09:39:28 +0000] "GET /css/style.css HTTP/1.1" 200 9480 "-" "Mozilla/5.0 (Windows NT 10.0; Win64; x64) AppleWebKit/537.36"
172.16.0.100 - - [06/May/2026:12:33:28 +0000] "GET /dashboard HTTP/1.1" 200 15435 "-" "Nikto/2.1.6"
10.0.0.15 - - [06/May/2026:06:16:28 +0000] "GET /api/products HTTP/1.1" 200 14007 "-" "Nikto/2.1.6"
45.155.205.233 - - [06/May/2026:10:25:28 +0000] "GET /products?cat=1;+DROP+TABLE+users-- HTTP/1.1" 200 47478 "-" "sqlmap/1.7"
192.168.1.10 - - [06/May/2026:12:54:28 +0000] "GET /css/style.css HTTP/1.1" 200 16713 "-" "curl/7.68.0"
45.95.169.88 - - [06/May/2026:10:42:28 +0000] "GET /login?user=admin'-- HTTP/1.1" 403 37672 "-" "sqlmap/1.7"
51.75.52.118 - - [06/May/2026:05:48:28 +0000] "GET /admin/wp-login.php HTTP/1.1" 404 43695 "-" "Mozilla/5.0 (Windows NT 10.0; Win64; x64) AppleWebKit/537.36"
192.168.1.10 - - [06/May/2026:12:25:28 +0000] "GET /dashboard HTTP/1.1" 200 812 "-" "Mozilla/5.0 (Macintosh; Intel Mac OS X 10_15_7)"
185.56.83.100 - - [06/May/2026:07:29:28 +0000] "GET /admin/.env HTTP/1.1" 404 43229 "-" "Mozilla/5.0 (Macintosh; Intel Mac OS X 10_15_7)"
192.168.1.10 - - [06/May/2026:11:24:28 +0000] "GET /css/style.css HTTP/1.1" 200 48270 "-" "sqlmap/1.7"
23.129.64.100 - - [06/May/2026:07:35:28 +0000] "POST /api/login HTTP/1.1" 401 42708 "-" "Mozilla/5.0 (Macintosh; Intel Mac OS X 10_15_7)"
92.118.160.1 - - [06/May/2026:10:34:28 +0000] "GET /admin/phpmyadmin HTTP/1.1" 404 2707 "-" "Mozilla/5.0 (Windows NT 10.0; Win64; x64) AppleWebKit/537.36"
192.168.1.10 - - [06/May/2026:11:07:28 +0000] "GET /js/app.js HTTP/1.1" 200 35569 "-" "sqlmap/1.7"
116.105.212.50 - - [06/May/2026:09:07:28 +0000] "GET /login?user=admin'-- HTTP/1.1" 403 24818 "-" "curl/7.68.0"
172.16.0.100 - - [06/May/2026:07:26:28 +0000] "GET /contact HTTP/1.1" 200 4987 "-" "Nikto/2.1.6"
192.168.1.20 - - [06/May/2026:10:22:28 +0000] "GET /api/products HTTP/1.1" 200 47713 "-" "Mozilla/5.0 (Macintosh; Intel Mac OS X 10_15_7)"
185.220.101.1 - - [06/May/2026:11:21:28 +0000] "POST /api/login HTTP/1.1" 401 30774 "-" "curl/7.68.0"
51.75.52.118 - - [06/May/2026:09:29:28 +0000] "GET /profile?name=<script>document.cookie</script> HTTP/1.1" 403 41728 "-" "curl/7.68.0"
198.98.51.189 - - [06/May/2026:07:00:28 +0000] "GET /feedback?msg=javascript:alert('XSS') HTTP/1.1" 200 18112 "-" "sqlmap/1.7"
10.0.0.5 - - [06/May/2026:13:24:28 +0000] "GET /api/users/me HTTP/1.1" 200 17173 "-" "Mozilla/5.0 (Windows NT 10.0; Win64; x64) AppleWebKit/537.36"
192.168.1.20 - - [06/May/2026:06:51:28 +0000] "GET /js/app.js HTTP/1.1" 200 35798 "-" "python-requests/2.28.0"
10.0.0.15 - - [06/May/2026:13:28:28 +0000] "GET /api/status HTTP/1.1" 200 36939 "-" "Nikto/2.1.6"
162.247.74.204 - - [06/May/2026:07:02:28 +0000] "GET /search?q=<img+src=x+onerror=alert(1)> HTTP/1.1" 200 40083 "-" "sqlmap/1.7"
192.168.1.10 - - [06/May/2026:11:25:28 +0000] "GET /api/products HTTP/1.1" 200 23074 "-" "python-requests/2.28.0"
192.168.1.20 - - [06/May/2026:09:38:28 +0000] "GET /css/style.css HTTP/1.1" 200 48215 "-" "Nikto/2.1.6"
171.25.193.20 - - [06/May/2026:05:27:28 +0000] "GET /api/data?id=1+UNION+SELECT+*+FROM+users-- HTTP/1.1" 403 31683 "-" "Mozilla/5.0 (Macintosh; Intel Mac OS X 10_15_7)"
109.70.100.1 - - [06/May/2026:13:39:28 +0000] "GET /admin/.env HTTP/1.1" 404 40294 "-" "curl/7.68.0"
192.168.1.20 - - [06/May/2026:07:56:28 +0000] "GET /api/users/me HTTP/1.1" 200 9364 "-" "python-requests/2.28.0"
162.247.74.204 - - [06/May/2026:08:55:28 +0000] "GET /login?user=admin'-- HTTP/1.1" 403 19801 "-" "curl/7.68.0"
172.16.0.200 - - [06/May/2026:05:35:28 +0000] "GET /api/users/me HTTP/1.1" 200 47842 "-" "curl/7.68.0"
10.0.0.15 - - [06/May/2026:12:10:28 +0000] "GET /index.html HTTP/1.1" 200 39394 "-" "curl/7.68.0"
23.129.64.100 - - [06/May/2026:08:45:28 +0000] "GET /static/%2e%2e%2f%2e%2e%2fetc/passwd HTTP/1.1" 403 29654 "-" "sqlmap/1.7"
103.251.167.10 - - [06/May/2026:08:31:28 +0000] "GET /feedback?msg=javascript:alert('XSS') HTTP/1.1" 403 7836 "-" "curl/7.68.0"
162.247.74.204 - - [06/May/2026:06:18:28 +0000] "GET /images/../../../etc/shadow HTTP/1.1" 403 49138 "-" "Mozilla/5.0 (Macintosh; Intel Mac OS X 10_15_7)"
92.118.160.1 - - [06/May/2026:09:01:28 +0000] "GET /search?q=<img+src=x+onerror=alert(1)> HTTP/1.1" 200 10352 "-" "Nikto/2.1.6"
194.165.16.77 - - [06/May/2026:06:33:28 +0000] "GET /api/data?id=1+UNION+SELECT+*+FROM+users-- HTTP/1.1" 500 1862 "-" "Mozilla/5.0 (Macintosh; Intel Mac OS X 10_15_7)"
10.0.0.5 - - [06/May/2026:09:34:28 +0000] "GET /js/app.js HTTP/1.1" 200 25921 "-" "Mozilla/5.0 (Windows NT 10.0; Win64; x64) AppleWebKit/537.36"
192.168.1.10 - - [06/May/2026:05:34:28 +0000] "GET /contact HTTP/1.1" 200 7812 "-" "python-requests/2.28.0"
192.168.1.20 - - [06/May/2026:12:04:28 +0000] "GET /css/style.css HTTP/1.1" 200 35204 "-" "python-requests/2.28.0"
89.248.167.131 - - [06/May/2026:13:05:28 +0000] "GET /search?q=<img+src=x+onerror=alert(1)> HTTP/1.1" 403 12711 "-" "Nikto/2.1.6"
10.0.0.5 - - [06/May/2026:13:00:28 +0000] "GET /api/users/me HTTP/1.1" 200 7106 "-" "Mozilla/5.0 (Macintosh; Intel Mac OS X 10_15_7)"
103.251.167.10 - - [06/May/2026:10:38:28 +0000] "GET /search?q='+OR+'1'='1 HTTP/1.1" 403 24259 "-" "python-requests/2.28.0"
192.168.1.10 - - [06/May/2026:09:58:28 +0000] "GET /js/app.js HTTP/1.1" 200 35477 "-" "python-requests/2.28.0"
171.25.193.20 - - [06/May/2026:08:11:28 +0000] "GET /api/data?id=1+UNION+SELECT+*+FROM+users-- HTTP/1.1" 500 36554 "-" "python-requests/2.28.0"
172.16.0.200 - - [06/May/2026:12:12:28 +0000] "GET /contact HTTP/1.1" 200 18795 "-" "Mozilla/5.0 (Macintosh; Intel Mac OS X 10_15_7)"
89.248.167.131 - - [06/May/2026:09:40:28 +0000] "GET /search?q=1'+OR+1=1-- HTTP/1.1" 500 31178 "-" "Mozilla/5.0 (Windows NT 10.0; Win64; x64) AppleWebKit/537.36"
192.168.1.10 - - [06/May/2026:10:44:28 +0000] "GET /about HTTP/1.1" 200 2308 "-" "Mozilla/5.0 (Windows NT 10.0; Win64; x64) AppleWebKit/537.36"
92.118.160.1 - - [06/May/2026:08:03:28 +0000] "GET /feedback?msg=javascript:alert('XSS') HTTP/1.1" 200 15268 "-" "sqlmap/1.7"
10.0.0.5 - - [06/May/2026:11:06:28 +0000] "GET /dashboard HTTP/1.1" 200 31112 "-" "python-requests/2.28.0"
192.168.1.10 - - [06/May/2026:08:50:28 +0000] "GET /css/style.css HTTP/1.1" 200 27220 "-" "Mozilla/5.0 (Macintosh; Intel Mac OS X 10_15_7)"
185.220.101.1 - - [06/May/2026:05:52:28 +0000] "GET /login?user=admin'-- HTTP/1.1" 200 34918 "-" "Mozilla/5.0 (Windows NT 10.0; Win64; x64) AppleWebKit/537.36"
45.155.205.233 - - [06/May/2026:13:07:28 +0000] "POST /api/login HTTP/1.1" 401 21679 "-" "Mozilla/5.0 (Windows NT 10.0; Win64; x64) AppleWebKit/537.36"
10.0.0.5 - - [06/May/2026:09:55:28 +0000] "GET /about HTTP/1.1" 200 19079 "-" "Mozilla/5.0 (Windows NT 10.0; Win64; x64) AppleWebKit/537.36"
198.98.51.189 - - [06/May/2026:07:59:28 +0000] "GET /images/../../../etc/shadow HTTP/1.1" 403 650 "-" "sqlmap/1.7"
192.168.1.10 - - [06/May/2026:09:36:28 +0000] "GET /api/status HTTP/1.1" 200 33325 "-" "Nikto/2.1.6"
172.16.0.100 - - [06/May/2026:09:18:28 +0000] "GET /images/logo.png HTTP/1.1" 200 42581 "-" "python-requests/2.28.0"
198.98.51.189 - - [06/May/2026:09:04:28 +0000] "GET /profile?name=<script>document.cookie</script> HTTP/1.1" 403 23209 "-" "sqlmap/1.7"
192.168.1.10 - - [06/May/2026:12:40:28 +0000] "GET /api/status HTTP/1.1" 200 14726 "-" "Mozilla/5.0 (Macintosh; Intel Mac OS X 10_15_7)"
185.220.101.1 - - [06/May/2026:07:46:28 +0000] "POST /api/login HTTP/1.1" 401 17359 "-" "Mozilla/5.0 (Macintosh; Intel Mac OS X 10_15_7)"
89.248.167.131 - - [06/May/2026:13:46:28 +0000] "GET /search?q=<img+src=x+onerror=alert(1)> HTTP/1.1" 200 23138 "-" "Nikto/2.1.6"
192.168.1.10 - - [06/May/2026:07:04:28 +0000] "GET /css/style.css HTTP/1.1" 200 25598 "-" "curl/7.68.0"
116.105.212.50 - - [06/May/2026:09:22:28 +0000] "GET /download?file=../../../etc/hosts HTTP/1.1" 403 12640 "-" "curl/7.68.0"
172.16.0.200 - - [06/May/2026:08:08:28 +0000] "GET /images/logo.png HTTP/1.1" 200 44209 "-" "Mozilla/5.0 (Windows NT 10.0; Win64; x64) AppleWebKit/537.36"
192.168.1.20 - - [06/May/2026:11:56:28 +0000] "GET /api/users/me HTTP/1.1" 200 29876 "-" "sqlmap/1.7"
192.168.1.10 - - [06/May/2026:11:04:28 +0000] "GET /dashboard HTTP/1.1" 200 49430 "-" "Mozilla/5.0 (Windows NT 10.0; Win64; x64) AppleWebKit/537.36"
172.16.0.100 - - [06/May/2026:13:11:28 +0000] "GET /css/style.css HTTP/1.1" 200 38036 "-" "python-requests/2.28.0"
51.75.52.118 - - [06/May/2026:13:09:28 +0000] "GET /feedback?msg=javascript:alert('XSS') HTTP/1.1" 200 27201 "-" "python-requests/2.28.0"
172.16.0.100 - - [06/May/2026:12:42:28 +0000] "GET /api/products HTTP/1.1" 200 3646 "-" "Mozilla/5.0 (Macintosh; Intel Mac OS X 10_15_7)"
192.168.1.10 - - [06/May/2026:08:24:28 +0000] "GET /images/logo.png HTTP/1.1" 200 9119 "-" "Mozilla/5.0 (Windows NT 10.0; Win64; x64) AppleWebKit/537.36"
171.25.193.20 - - [06/May/2026:05:36:28 +0000] "POST /api/login HTTP/1.1" 401 1773 "-" "Mozilla/5.0 (Windows NT 10.0; Win64; x64) AppleWebKit/537.36"
192.168.1.10 - - [06/May/2026:10:59:28 +0000] "GET /js/app.js HTTP/1.1" 200 35126 "-" "curl/7.68.0"
192.168.1.10 - - [06/May/2026:10:14:28 +0000] "GET /js/app.js HTTP/1.1" 200 41262 "-" "Mozilla/5.0 (Windows NT 10.0; Win64; x64) AppleWebKit/537.36"
109.70.100.1 - - [06/May/2026:13:26:28 +0000] "GET /images/../../../etc/shadow HTTP/1.1" 403 23976 "-" "Mozilla/5.0 (Macintosh; Intel Mac OS X 10_15_7)"
192.168.1.10 - - [06/May/2026:11:48:28 +0000] "GET /css/style.css HTTP/1.1" 200 4400 "-" "Mozilla/5.0 (Windows NT 10.0; Win64; x64) AppleWebKit/537.36"
192.168.1.20 - - [06/May/2026:13:40:28 +0000] "GET /api/status HTTP/1.1" 200 26577 "-" "curl/7.68.0"
194.165.16.77 - - [06/May/2026:06:49:28 +0000] "POST /api/login HTTP/1.1" 401 309 "-" "sqlmap/1.7"
116.105.212.50 - - [06/May/2026:10:37:28 +0000] "GET /search?q=1'+OR+1=1-- HTTP/1.1" 500 25359 "-" "Nikto/2.1.6"
192.168.1.20 - - [06/May/2026:06:44:28 +0000] "GET /api/users/me HTTP/1.1" 200 43478 "-" "Nikto/2.1.6"
192.168.1.10 - - [06/May/2026:10:27:28 +0000] "GET /css/style.css HTTP/1.1" 200 1997 "-" "Mozilla/5.0 (Windows NT 10.0; Win64; x64) AppleWebKit/537.36"
194.165.16.77 - - [06/May/2026:07:30:28 +0000] "POST /api/login HTTP/1.1" 401 4770 "-" "curl/7.68.0"
51.75.52.118 - - [06/May/2026:11:05:28 +0000] "GET /download?file=../../../etc/hosts HTTP/1.1" 403 43797 "-" "python-requests/2.28.0"
10.0.0.15 - - [06/May/2026:11:39:28 +0000] "GET /index.html HTTP/1.1" 200 2079 "-" "python-requests/2.28.0"
45.95.169.88 - - [06/May/2026:07:06:28 +0000] "GET /login?user=admin'-- HTTP/1.1" 403 30526 "-" "sqlmap/1.7"
192.168.1.20 - - [06/May/2026:08:52:28 +0000] "GET /api/users/me HTTP/1.1" 200 7824 "-" "sqlmap/1.7"
192.168.1.20 - - [06/May/2026:07:05:28 +0000] "GET /about HTTP/1.1" 200 3604 "-" "sqlmap/1.7"
185.220.101.1 - - [06/May/2026:10:04:28 +0000] "GET /images/../../../etc/shadow HTTP/1.1" 403 23679 "-" "Nikto/2.1.6"
45.95.169.88 - - [06/May/2026:12:37:28 +0000] "GET /feedback?msg=javascript:alert('XSS') HTTP/1.1" 200 3218 "-" "Mozilla/5.0 (Macintosh; Intel Mac OS X 10_15_7)"
89.248.167.131 - - [06/May/2026:05:54:28 +0000] "GET /admin/backup HTTP/1.1" 404 4467 "-" "Mozilla/5.0 (Windows NT 10.0; Win64; x64) AppleWebKit/537.36"
10.0.0.15 - - [06/May/2026:06:58:28 +0000] "GET /css/style.css HTTP/1.1" 200 7863 "-" "Mozilla/5.0 (Macintosh; Intel Mac OS X 10_15_7)"
10.0.0.15 - - [06/May/2026:06:45:28 +0000] "GET /contact HTTP/1.1" 200 42208 "-" "python-requests/2.28.0"
10.0.0.15 - - [06/May/2026:12:20:28 +0000] "GET /about HTTP/1.1" 200 12153 "-" "Mozilla/5.0 (Macintosh; Intel Mac OS X 10_15_7)"
10.0.0.15 - - [06/May/2026:11:00:28 +0000] "GET /css/style.css HTTP/1.1" 200 34287 "-" "Nikto/2.1.6"
109.70.100.1 - - [06/May/2026:12:49:28 +0000] "GET /admin/.env HTTP/1.1" 404 16872 "-" "curl/7.68.0"
45.95.169.88 - - [06/May/2026:07:01:28 +0000] "GET /static/../../../../etc/passwd HTTP/1.1" 403 36322 "-" "python-requests/2.28.0"
172.16.0.100 - - [06/May/2026:08:07:28 +0000] "GET /css/style.css HTTP/1.1" 200 9888 "-" "Mozilla/5.0 (Macintosh; Intel Mac OS X 10_15_7)"
116.105.212.50 - - [06/May/2026:10:06:28 +0000] "GET /products?cat=1;+DROP+TABLE+users-- HTTP/1.1" 500 1615 "-" "python-requests/2.28.0"
185.56.83.100 - - [06/May/2026:10:19:28 +0000] "GET /feedback?msg=javascript:alert('XSS') HTTP/1.1" 200 31503 "-" "curl/7.68.0"
185.56.83.100 - - [06/May/2026:10:41:28 +0000] "GET /search?q=1'+OR+1=1-- HTTP/1.1" 403 36807 "-" "python-requests/2.28.0"
192.168.1.10 - - [06/May/2026:09:11:28 +0000] "GET /js/app.js HTTP/1.1" 200 12053 "-" "curl/7.68.0"
192.168.1.10 - - [06/May/2026:07:37:28 +0000] "GET /index.html HTTP/1.1" 200 34639 "-" "sqlmap/1.7"
172.16.0.200 - - [06/May/2026:07:53:28 +0000] "GET /contact HTTP/1.1" 200 26969 "-" "curl/7.68.0"
185.56.83.100 - - [06/May/2026:06:25:28 +0000] "GET /admin/config HTTP/1.1" 404 25074 "-" "sqlmap/1.7"
192.168.1.20 - - [06/May/2026:11:15:28 +0000] "GET /js/app.js HTTP/1.1" 200 45731 "-" "Mozilla/5.0 (Macintosh; Intel Mac OS X 10_15_7)"
194.165.16.77 - - [06/May/2026:13:34:28 +0000] "GET /static/../../../../etc/passwd HTTP/1.1" 403 31267 "-" "curl/7.68.0"
185.56.83.100 - - [06/May/2026:11:09:28 +0000] "GET /products?cat=1;+DROP+TABLE+users-- HTTP/1.1" 200 46491 "-" "Nikto/2.1.6"
51.75.52.118 - - [06/May/2026:05:33:28 +0000] "GET /admin/config HTTP/1.1" 404 6183 "-" "curl/7.68.0"
89.248.167.131 - - [06/May/2026:05:44:28 +0000] "GET /search?q='+OR+'1'='1 HTTP/1.1" 200 8072 "-" "Mozilla/5.0 (Macintosh; Intel Mac OS X 10_15_7)"
171.25.193.20 - - [06/May/2026:12:50:28 +0000] "POST /api/login HTTP/1.1" 401 12622 "-" "python-requests/2.28.0"
89.248.167.131 - - [06/May/2026:05:32:28 +0000] "GET /api/data?id=1+UNION+SELECT+*+FROM+users-- HTTP/1.1" 500 18866 "-" "Mozilla/5.0 (Macintosh; Intel Mac OS X 10_15_7)"
10.0.0.5 - - [06/May/2026:10:54:28 +0000] "GET /api/status HTTP/1.1" 200 13205 "-" "sqlmap/1.7"
192.168.1.20 - - [06/May/2026:06:30:28 +0000] "GET /api/users/me HTTP/1.1" 200 12926 "-" "Mozilla/5.0 (Macintosh; Intel Mac OS X 10_15_7)"
171.25.193.20 - - [06/May/2026:11:20:28 +0000] "POST /api/login HTTP/1.1" 401 1225 "-" "curl/7.68.0"
109.70.100.1 - - [06/May/2026:11:43:28 +0000] "GET /admin/backup HTTP/1.1" 404 42681 "-" "python-requests/2.28.0"
103.251.167.10 - - [06/May/2026:07:23:28 +0000] "GET /feedback?msg=javascript:alert('XSS') HTTP/1.1" 403 14181 "-" "Mozilla/5.0 (Macintosh; Intel Mac OS X 10_15_7)"
45.95.169.88 - - [06/May/2026:08:39:28 +0000] "GET /download?file=../../../etc/hosts HTTP/1.1" 403 25166 "-" "curl/7.68.0"
109.70.100.1 - - [06/May/2026:11:03:28 +0000] "GET /static/%2e%2e%2f%2e%2e%2fetc/passwd HTTP/1.1" 403 29784 "-" "Mozilla/5.0 (Windows NT 10.0; Win64; x64) AppleWebKit/537.36"
45.155.205.233 - - [06/May/2026:11:32:28 +0000] "GET /search?q='+OR+'1'='1 HTTP/1.1" 403 15474 "-" "Mozilla/5.0 (Macintosh; Intel Mac OS X 10_15_7)"
192.168.1.10 - - [06/May/2026:11:41:28 +0000] "GET /index.html HTTP/1.1" 200 30032 "-" "Mozilla/5.0 (Windows NT 10.0; Win64; x64) AppleWebKit/537.36"
89.248.167.131 - - [06/May/2026:11:29:28 +0000] "GET /admin/config HTTP/1.1" 404 31236 "-" "curl/7.68.0"
109.70.100.1 - - [06/May/2026:08:58:28 +0000] "GET /admin/backup HTTP/1.1" 404 34281 "-" "Mozilla/5.0 (Macintosh; Intel Mac OS X 10_15_7)"
185.56.83.100 - - [06/May/2026:05:30:28 +0000] "GET /admin/backup HTTP/1.1" 404 17274 "-" "Mozilla/5.0 (Macintosh; Intel Mac OS X 10_15_7)"
10.0.0.15 - - [06/May/2026:07:11:28 +0000] "GET /api/status HTTP/1.1" 200 26459 "-" "python-requests/2.28.0"
192.168.1.10 - - [06/May/2026:13:15:28 +0000] "GET /api/status HTTP/1.1" 200 2301 "-" "Nikto/2.1.6"
192.168.1.20 - - [06/May/2026:08:01:28 +0000] "GET /js/app.js HTTP/1.1" 200 11441 "-" "Mozilla/5.0 (Macintosh; Intel Mac OS X 10_15_7)"
109.70.100.1 - - [06/May/2026:12:45:28 +0000] "GET /admin/.env HTTP/1.1" 404 25396 "-" "Mozilla/5.0 (Windows NT 10.0; Win64; x64) AppleWebKit/537.36"
192.168.1.20 - - [06/May/2026:07:39:28 +0000] "GET /api/users/me HTTP/1.1" 200 12106 "-" "Nikto/2.1.6"
192.168.1.10 - - [06/May/2026:12:07:28 +0000] "GET /index.html HTTP/1.1" 200 31536 "-" "curl/7.68.0"
10.0.0.15 - - [06/May/2026:07:15:28 +0000] "GET /about HTTP/1.1" 200 37083 "-" "sqlmap/1.7"
162.247.74.204 - - [06/May/2026:08:23:28 +0000] "GET /static/../../../../etc/passwd HTTP/1.1" 403 35474 "-" "python-requests/2.28.0"
194.165.16.77 - - [06/May/2026:05:58:28 +0000] "GET /search?q='+OR+'1'='1 HTTP/1.1" 403 42871 "-" "Mozilla/5.0 (Windows NT 10.0; Win64; x64) AppleWebKit/537.36"
51.75.52.118 - - [06/May/2026:10:20:28 +0000] "GET /login?user=admin'-- HTTP/1.1" 500 4637 "-" "Mozilla/5.0 (Windows NT 10.0; Win64; x64) AppleWebKit/537.36"
185.56.83.100 - - [06/May/2026:06:21:28 +0000] "GET /search?q=<img+src=x+onerror=alert(1)> HTTP/1.1" 200 3040 "-" "curl/7.68.0"
172.16.0.100 - - [06/May/2026:08:22:28 +0000] "GET /about HTTP/1.1" 200 37655 "-" "sqlmap/1.7"
23.129.64.100 - - [06/May/2026:08:10:28 +0000] "GET /products?cat=1;+DROP+TABLE+users-- HTTP/1.1" 500 7140 "-" "Mozilla/5.0 (Windows NT 10.0; Win64; x64) AppleWebKit/537.36"
92.118.160.1 - - [06/May/2026:09:26:28 +0000] "GET /admin/config HTTP/1.1" 404 21917 "-" "sqlmap/1.7"
23.129.64.100 - - [06/May/2026:11:45:28 +0000] "POST /api/login HTTP/1.1" 401 46028 "-" "Nikto/2.1.6"
23.129.64.100 - - [06/May/2026:09:41:28 +0000] "GET /images/../../../etc/shadow HTTP/1.1" 403 5821 "-" "Mozilla/5.0 (Windows NT 10.0; Win64; x64) AppleWebKit/537.36"
89.248.167.131 - - [06/May/2026:12:55:28 +0000] "GET /admin/backup HTTP/1.1" 404 23926 "-" "Mozilla/5.0 (Macintosh; Intel Mac OS X 10_15_7)"
172.16.0.200 - - [06/May/2026:10:00:28 +0000] "GET /api/products HTTP/1.1" 200 36060 "-" "Mozilla/5.0 (Windows NT 10.0; Win64; x64) AppleWebKit/537.36"
45.95.169.88 - - [06/May/2026:13:01:28 +0000] "GET /products?cat=1;+DROP+TABLE+users-- HTTP/1.1" 403 45056 "-" "python-requests/2.28.0"
192.168.1.10 - - [06/May/2026:06:26:28 +0000] "GET /api/products HTTP/1.1" 200 14956 "-" "python-requests/2.28.0"
172.16.0.100 - - [06/May/2026:13:38:28 +0000] "GET /dashboard HTTP/1.1" 200 42604 "-" "Nikto/2.1.6"
92.118.160.1 - - [06/May/2026:08:12:28 +0000] "GET /admin/wp-login.php HTTP/1.1" 404 45693 "-" "sqlmap/1.7"
172.16.0.100 - - [06/May/2026:09:23:28 +0000] "GET /contact HTTP/1.1" 200 23186 "-" "python-requests/2.28.0"
172.16.0.100 - - [06/May/2026:09:33:28 +0000] "GET /about HTTP/1.1" 200 15050 "-" "sqlmap/1.7"
192.168.1.10 - - [06/May/2026:07:54:28 +0000] "GET /js/app.js HTTP/1.1" 200 2681 "-" "Nikto/2.1.6"
192.168.1.20 - - [06/May/2026:12:16:28 +0000] "GET /api/status HTTP/1.1" 200 48713 "-" "sqlmap/1.7"
109.70.100.1 - - [06/May/2026:08:14:28 +0000] "GET /static/%2e%2e%2f%2e%2e%2fetc/passwd HTTP/1.1" 403 29424 "-" "sqlmap/1.7"
45.95.169.88 - - [06/May/2026:07:03:28 +0000] "GET /comment?text=<script>alert('xss')</script> HTTP/1.1" 200 38019 "-" "python-requests/2.28.0"
192.168.1.20 - - [06/May/2026:05:28:28 +0000] "GET /api/users/me HTTP/1.1" 200 48622 "-" "Nikto/2.1.6"
23.129.64.100 - - [06/May/2026:07:13:28 +0000] "POST /api/login HTTP/1.1" 401 28856 "-" "python-requests/2.28.0"
51.75.52.118 - - [06/May/2026:12:19:28 +0000] "GET /search?q=<img+src=x+onerror=alert(1)> HTTP/1.1" 200 36418 "-" "sqlmap/1.7"
185.56.83.100 - - [06/May/2026:10:21:28 +0000] "GET /admin/config HTTP/1.1" 404 25632 "-" "sqlmap/1.7"
192.168.1.20 - - [06/May/2026:07:31:28 +0000] "GET /index.html HTTP/1.1" 200 47304 "-" "Nikto/2.1.6"
103.251.167.10 - - [06/May/2026:08:18:28 +0000] "GET /images/../../../etc/shadow HTTP/1.1" 403 18404 "-" "curl/7.68.0"
103.251.167.10 - - [06/May/2026:09:48:28 +0000] "GET /search?q=1'+OR+1=1-- HTTP/1.1" 200 7175 "-" "Mozilla/5.0 (Macintosh; Intel Mac OS X 10_15_7)"
51.75.52.118 - - [06/May/2026:05:31:28 +0000] "GET /admin/backup HTTP/1.1" 404 2240 "-" "Mozilla/5.0 (Windows NT 10.0; Win64; x64) AppleWebKit/537.36"
10.0.0.15 - - [06/May/2026:12:17:28 +0000] "GET /api/products HTTP/1.1" 200 16294 "-" "curl/7.68.0"
185.220.101.1 - - [06/May/2026:10:28:28 +0000] "POST /api/login HTTP/1.1" 401 47082 "-" "Mozilla/5.0 (Macintosh; Intel Mac OS X 10_15_7)"
172.16.0.100 - - [06/May/2026:11:08:28 +0000] "GET /api/products HTTP/1.1" 200 44465 "-" "python-requests/2.28.0"
172.16.0.100 - - [06/May/2026:13:16:28 +0000] "GET /about HTTP/1.1" 200 47305 "-" "sqlmap/1.7"
192.168.1.10 - - [06/May/2026:10:18:28 +0000] "GET /contact HTTP/1.1" 200 15263 "-" "Nikto/2.1.6"
10.0.0.15 - - [06/May/2026:05:42:28 +0000] "GET /api/status HTTP/1.1" 200 9444 "-" "python-requests/2.28.0"
192.168.1.10 - - [06/May/2026:13:43:28 +0000] "GET /css/style.css HTTP/1.1" 200 34546 "-" "Mozilla/5.0 (Macintosh; Intel Mac OS X 10_15_7)"
172.16.0.200 - - [06/May/2026:13:10:28 +0000] "GET /contact HTTP/1.1" 200 28078 "-" "sqlmap/1.7"
51.75.52.118 - - [06/May/2026:05:41:28 +0000] "GET /products?cat=1;+DROP+TABLE+users-- HTTP/1.1" 200 46877 "-" "curl/7.68.0"
192.168.1.20 - - [06/May/2026:06:52:28 +0000] "GET /api/status HTTP/1.1" 200 16366 "-" "curl/7.68.0"
10.0.0.15 - - [06/May/2026:11:27:28 +0000] "GET /images/logo.png HTTP/1.1" 200 12050 "-" "python-requests/2.28.0"
45.155.205.233 - - [06/May/2026:08:51:28 +0000] "GET /static/../../../../etc/passwd HTTP/1.1" 403 29036 "-" "Nikto/2.1.6"
172.16.0.200 - - [06/May/2026:08:32:28 +0000] "GET /api/status HTTP/1.1" 200 17025 "-" "Nikto/2.1.6"
45.95.169.88 - - [06/May/2026:08:56:28 +0000] "GET /api/users?id=1'+UNION+SELECT+password+FROM+users-- HTTP/1.1" 403 22449 "-" "Nikto/2.1.6"
192.168.1.10 - - [06/May/2026:05:59:28 +0000] "GET /api/status HTTP/1.1" 200 9267 "-" "sqlmap/1.7"
172.16.0.100 - - [06/May/2026:12:39:28 +0000] "GET /api/users/me HTTP/1.1" 200 38520 "-" "Nikto/2.1.6"
10.0.0.15 - - [06/May/2026:05:55:28 +0000] "GET /api/products HTTP/1.1" 200 43448 "-" "Mozilla/5.0 (Windows NT 10.0; Win64; x64) AppleWebKit/537.36"
172.16.0.100 - - [06/May/2026:09:54:28 +0000] "GET /about HTTP/1.1" 200 38527 "-" "Nikto/2.1.6"
192.168.1.10 - - [06/May/2026:12:00:28 +0000] "GET /js/app.js HTTP/1.1" 200 4411 "-" "Mozilla/5.0 (Windows NT 10.0; Win64; x64) AppleWebKit/537.36"
192.168.1.20 - - [06/May/2026:12:09:28 +0000] "GET /images/logo.png HTTP/1.1" 200 31218 "-" "sqlmap/1.7"
185.56.83.100 - - [06/May/2026:08:35:28 +0000] "GET /feedback?msg=javascript:alert('XSS') HTTP/1.1" 403 31854 "-" "curl/7.68.0"
185.220.101.1 - - [06/May/2026:10:24:28 +0000] "POST /api/login HTTP/1.1" 401 27741 "-" "python-requests/2.28.0"
89.248.167.131 - - [06/May/2026:10:56:28 +0000] "GET /search?q=<img+src=x+onerror=alert(1)> HTTP/1.1" 403 31848 "-" "Mozilla/5.0 (Windows NT 10.0; Win64; x64) AppleWebKit/537.36"
192.168.1.20 - - [06/May/2026:13:31:28 +0000] "GET /api/status HTTP/1.1" 200 48302 "-" "curl/7.68.0"
192.168.1.10 - - [06/May/2026:13:20:28 +0000] "GET /api/products HTTP/1.1" 200 13371 "-" "python-requests/2.28.0"
198.98.51.189 - - [06/May/2026:07:10:28 +0000] "GET /search?q='+OR+'1'='1 HTTP/1.1" 403 17409 "-" "Mozilla/5.0 (Windows NT 10.0; Win64; x64) AppleWebKit/537.36"
194.165.16.77 - - [06/May/2026:06:41:28 +0000] "POST /api/login HTTP/1.1" 401 26091 "-" "sqlmap/1.7"
192.168.1.10 - - [06/May/2026:08:16:28 +0000] "GET /api/products HTTP/1.1" 200 21951 "-" "Nikto/2.1.6"
89.248.167.131 - - [06/May/2026:12:29:28 +0000] "GET /admin/config HTTP/1.1" 404 10309 "-" "Nikto/2.1.6"
172.16.0.100 - - [06/May/2026:07:49:28 +0000] "GET /api/products HTTP/1.1" 200 39018 "-" "Mozilla/5.0 (Macintosh; Intel Mac OS X 10_15_7)"
92.118.160.1 - - [06/May/2026:12:38:28 +0000] "GET /admin/.env HTTP/1.1" 404 19262 "-" "Mozilla/5.0 (Macintosh; Intel Mac OS X 10_15_7)"
10.0.0.15 - - [06/May/2026:08:38:28 +0000] "GET /contact HTTP/1.1" 200 17127 "-" "sqlmap/1.7"
171.25.193.20 - - [06/May/2026:10:29:28 +0000] "GET /static/../../../../etc/passwd HTTP/1.1" 403 3426 "-" "Mozilla/5.0 (Macintosh; Intel Mac OS X 10_15_7)"
185.220.101.1 - - [06/May/2026:12:56:28 +0000] "POST /api/login HTTP/1.1" 401 37073 "-" "Mozilla/5.0 (Macintosh; Intel Mac OS X 10_15_7)"
171.25.193.20 - - [06/May/2026:06:04:28 +0000] "POST /api/login HTTP/1.1" 401 42040 "-" "curl/7.68.0"
45.155.205.233 - - [06/May/2026:09:56:28 +0000] "POST /api/login HTTP/1.1" 401 32670 "-" "python-requests/2.28.0"
10.0.0.15 - - [06/May/2026:09:12:28 +0000] "GET /js/app.js HTTP/1.1" 200 6091 "-" "python-requests/2.28.0"
51.75.52.118 - - [06/May/2026:08:09:28 +0000] "GET /login?user=admin'-- HTTP/1.1" 500 17401 "-" "curl/7.68.0"
89.248.167.131 - - [06/May/2026:12:48:28 +0000] "GET /admin/backup HTTP/1.1" 404 12510 "-" "python-requests/2.28.0"
109.70.100.1 - - [06/May/2026:06:06:28 +0000] "GET /comment?text=<script>alert('xss')</script> HTTP/1.1" 403 42917 "-" "Mozilla/5.0 (Windows NT 10.0; Win64; x64) AppleWebKit/537.36"
194.165.16.77 - - [06/May/2026:06:47:28 +0000] "GET /search?q=1'+OR+1=1-- HTTP/1.1" 500 40675 "-" "Mozilla/5.0 (Windows NT 10.0; Win64; x64) AppleWebKit/537.36"
10.0.0.5 - - [06/May/2026:10:52:28 +0000] "GET /about HTTP/1.1" 200 32293 "-" "python-requests/2.28.0"
171.25.193.20 - - [06/May/2026:09:35:28 +0000] "POST /api/login HTTP/1.1" 401 7454 "-" "sqlmap/1.7"
194.165.16.77 - - [06/May/2026:08:37:28 +0000] "POST /api/login HTTP/1.1" 401 49053 "-" "python-requests/2.28.0"
185.56.83.100 - - [06/May/2026:08:46:28 +0000] "GET /api/data?id=1+UNION+SELECT+*+FROM+users-- HTTP/1.1" 200 43115 "-" "Mozilla/5.0 (Windows NT 10.0; Win64; x64) AppleWebKit/537.36"
103.251.167.10 - - [06/May/2026:12:47:28 +0000] "GET /profile?name=<script>document.cookie</script> HTTP/1.1" 403 11857 "-" "Nikto/2.1.6"
89.248.167.131 - - [06/May/2026:06:54:28 +0000] "GET /comment?text=<script>alert('xss')</script> HTTP/1.1" 403 46850 "-" "Mozilla/5.0 (Windows NT 10.0; Win64; x64) AppleWebKit/537.36"
23.129.64.100 - - [06/May/2026:11:12:28 +0000] "GET /products?cat=1;+DROP+TABLE+users-- HTTP/1.1" 403 1616 "-" "curl/7.68.0"
192.168.1.10 - - [06/May/2026:13:25:28 +0000] "GET /api/products HTTP/1.1" 200 10304 "-" "sqlmap/1.7"
89.248.167.131 - - [06/May/2026:09:25:28 +0000] "GET /admin/config HTTP/1.1" 404 42509 "-" "curl/7.68.0"
192.168.1.20 - - [06/May/2026:06:10:28 +0000] "GET /js/app.js HTTP/1.1" 200 25374 "-" "Mozilla/5.0 (Macintosh; Intel Mac OS X 10_15_7)"
192.168.1.20 - - [06/May/2026:05:45:28 +0000] "GET /images/logo.png HTTP/1.1" 200 27436 "-" "Mozilla/5.0 (Macintosh; Intel Mac OS X 10_15_7)"
185.56.83.100 - - [06/May/2026:10:01:28 +0000] "GET /login?user=admin'-- HTTP/1.1" 200 46745 "-" "curl/7.68.0"
89.248.167.131 - - [06/May/2026:10:35:28 +0000] "GET /admin/backup HTTP/1.1" 404 47374 "-" "python-requests/2.28.0"
172.16.0.100 - - [06/May/2026:10:39:28 +0000] "GET /dashboard HTTP/1.1" 200 401 "-" "Mozilla/5.0 (Windows NT 10.0; Win64; x64) AppleWebKit/537.36"
198.98.51.189 - - [06/May/2026:13:19:28 +0000] "GET /api/users?id=1'+UNION+SELECT+password+FROM+users-- HTTP/1.1" 403 36286 "-" "Mozilla/5.0 (Windows NT 10.0; Win64; x64) AppleWebKit/537.36"
194.165.16.77 - - [06/May/2026:09:13:28 +0000] "POST /api/login HTTP/1.1" 401 45277 "-" "sqlmap/1.7"
192.168.1.10 - - [06/May/2026:07:27:28 +0000] "GET /dashboard HTTP/1.1" 200 43577 "-" "Nikto/2.1.6"
103.251.167.10 - - [06/May/2026:07:58:28 +0000] "GET /download?file=../../../etc/hosts HTTP/1.1" 403 10301 "-" "Nikto/2.1.6"
192.168.1.10 - - [06/May/2026:11:23:28 +0000] "GET /css/style.css HTTP/1.1" 200 48747 "-" "Mozilla/5.0 (Macintosh; Intel Mac OS X 10_15_7)"
194.165.16.77 - - [06/May/2026:07:22:28 +0000] "GET /static/%2e%2e%2f%2e%2e%2fetc/passwd HTTP/1.1" 403 45027 "-" "sqlmap/1.7"
10.0.0.15 - - [06/May/2026:09:44:28 +0000] "GET /api/products HTTP/1.1" 200 7565 "-" "python-requests/2.28.0"
10.0.0.5 - - [06/May/2026:13:18:28 +0000] "GET /about HTTP/1.1" 200 22854 "-" "Mozilla/5.0 (Macintosh; Intel Mac OS X 10_15_7)"
172.16.0.200 - - [06/May/2026:07:12:28 +0000] "GET /contact HTTP/1.1" 200 26286 "-" "Mozilla/5.0 (Windows NT 10.0; Win64; x64) AppleWebKit/537.36"
92.118.160.1 - - [06/May/2026:12:59:28 +0000] "GET /admin/config HTTP/1.1" 404 14342 "-" "Mozilla/5.0 (Windows NT 10.0; Win64; x64) AppleWebKit/537.36"
171.25.193.20 - - [06/May/2026:08:29:28 +0000] "GET /static/../../../../etc/passwd HTTP/1.1" 403 39497 "-" "python-requests/2.28.0"
45.155.205.233 - - [06/May/2026:07:45:28 +0000] "POST /api/login HTTP/1.1" 401 9544 "-" "Nikto/2.1.6"
109.70.100.1 - - [06/May/2026:09:15:28 +0000] "GET /api/data?id=1+UNION+SELECT+*+FROM+users-- HTTP/1.1" 500 47130 "-" "Mozilla/5.0 (Macintosh; Intel Mac OS X 10_15_7)"
45.95.169.88 - - [06/May/2026:12:41:28 +0000] "GET /login?user=admin'-- HTTP/1.1" 403 33068 "-" "sqlmap/1.7"
89.248.167.131 - - [06/May/2026:12:01:28 +0000] "GET /profile?name=<script>document.cookie</script> HTTP/1.1" 403 6809 "-" "Mozilla/5.0 (Macintosh; Intel Mac OS X 10_15_7)"
10.0.0.5 - - [06/May/2026:12:18:28 +0000] "GET /about HTTP/1.1" 200 11526 "-" "Mozilla/5.0 (Macintosh; Intel Mac OS X 10_15_7)"
171.25.193.20 - - [06/May/2026:13:17:28 +0000] "POST /api/login HTTP/1.1" 401 19022 "-" "Nikto/2.1.6"
172.16.0.100 - - [06/May/2026:11:38:28 +0000] "GET /about HTTP/1.1" 200 7894 "-" "Mozilla/5.0 (Macintosh; Intel Mac OS X 10_15_7)"
89.248.167.131 - - [06/May/2026:06:05:28 +0000] "GET /profile?name=<script>document.cookie</script> HTTP/1.1" 200 12396 "-" "python-requests/2.28.0"
89.248.167.131 - - [06/May/2026:11:26:28 +0000] "GET /admin/backup HTTP/1.1" 404 5603 "-" "Mozilla/5.0 (Windows NT 10.0; Win64; x64) AppleWebKit/537.36"
92.118.160.1 - - [06/May/2026:08:00:28 +0000] "GET /admin/backup HTTP/1.1" 404 11780 "-" "Mozilla/5.0 (Windows NT 10.0; Win64; x64) AppleWebKit/537.36"
172.16.0.100 - - [06/May/2026:05:40:28 +0000] "GET /index.html HTTP/1.1" 200 19005 "-" "sqlmap/1.7"
23.129.64.100 - - [06/May/2026:09:21:28 +0000] "POST /api/login HTTP/1.1" 401 15540 "-" "Mozilla/5.0 (Macintosh; Intel Mac OS X 10_15_7)"
172.16.0.200 - - [06/May/2026:10:32:28 +0000] "GET /api/products HTTP/1.1" 200 15494 "-" "curl/7.68.0"
172.16.0.200 - - [06/May/2026:09:42:28 +0000] "GET /api/users/me HTTP/1.1" 200 31644 "-" "Nikto/2.1.6"
10.0.0.5 - - [06/May/2026:10:07:28 +0000] "GET /js/app.js HTTP/1.1" 200 45548 "-" "Nikto/2.1.6"
10.0.0.15 - - [06/May/2026:11:40:28 +0000] "GET /js/app.js HTTP/1.1" 200 18847 "-" "Mozilla/5.0 (Windows NT 10.0; Win64; x64) AppleWebKit/537.36"
185.220.101.1 - - [06/May/2026:12:02:28 +0000] "POST /api/login HTTP/1.1" 401 13009 "-" "Mozilla/5.0 (Windows NT 10.0; Win64; x64) AppleWebKit/537.36"
51.75.52.118 - - [06/May/2026:11:18:28 +0000] "GET /search?q=1'+OR+1=1-- HTTP/1.1" 500 1400 "-" "Nikto/2.1.6"
89.248.167.131 - - [06/May/2026:12:46:28 +0000] "GET /static/%2e%2e%2f%2e%2e%2fetc/passwd HTTP/1.1" 403 38694 "-" "sqlmap/1.7"
109.70.100.1 - - [06/May/2026:12:31:28 +0000] "GET /admin/config HTTP/1.1" 404 49933 "-" "curl/7.68.0"
192.168.1.10 - - [06/May/2026:12:28:28 +0000] "GET /images/logo.png HTTP/1.1" 200 12278 "-" "curl/7.68.0"
109.70.100.1 - - [06/May/2026:10:40:28 +0000] "GET /admin/wp-login.php HTTP/1.1" 404 15664 "-" "Mozilla/5.0 (Macintosh; Intel Mac OS X 10_15_7)"
172.16.0.100 - - [06/May/2026:09:45:28 +0000] "GET /css/style.css HTTP/1.1" 200 27729 "-" "python-requests/2.28.0"
185.220.101.1 - - [06/May/2026:12:08:28 +0000] "GET /search?q='+OR+'1'='1 HTTP/1.1" 200 8969 "-" "Mozilla/5.0 (Windows NT 10.0; Win64; x64) AppleWebKit/537.36"
10.0.0.15 - - [06/May/2026:11:42:28 +0000] "GET /dashboard HTTP/1.1" 200 45853 "-" "python-requests/2.28.0"
192.168.1.10 - - [06/May/2026:05:47:28 +0000] "GET /images/logo.png HTTP/1.1" 200 21605 "-" "python-requests/2.28.0"
45.95.169.88 - - [06/May/2026:06:31:28 +0000] "GET /feedback?msg=javascript:alert('XSS') HTTP/1.1" 200 40530 "-" "Mozilla/5.0 (Windows NT 10.0; Win64; x64) AppleWebKit/537.36"
194.165.16.77 - - [06/May/2026:06:07:28 +0000] "GET /search?q=1'+OR+1=1-- HTTP/1.1" 200 13919 "-" "Nikto/2.1.6"
109.70.100.1 - - [06/May/2026:08:53:28 +0000] "GET /download?file=../../../etc/hosts HTTP/1.1" 403 3264 "-" "Mozilla/5.0 (Windows NT 10.0; Win64; x64) AppleWebKit/537.36"
192.168.1.10 - - [06/May/2026:06:19:28 +0000] "GET /css/style.css HTTP/1.1" 200 9671 "-" "curl/7.68.0"
51.75.52.118 - - [06/May/2026:11:44:28 +0000] "GET /admin/.env HTTP/1.1" 404 10530 "-" "Mozilla/5.0 (Macintosh; Intel Mac OS X 10_15_7)"
172.16.0.100 - - [06/May/2026:07:43:28 +0000] "GET /api/products HTTP/1.1" 200 29739 "-" "python-requests/2.28.0"
172.16.0.200 - - [06/May/2026:08:27:28 +0000] "GET /contact HTTP/1.1" 200 584 "-" "curl/7.68.0"
192.168.1.20 - - [06/May/2026:06:29:28 +0000] "GET /api/users/me HTTP/1.1" 200 23631 "-" "Mozilla/5.0 (Windows NT 10.0; Win64; x64) AppleWebKit/537.36"
192.168.1.20 - - [06/May/2026:10:10:28 +0000] "GET /api/status HTTP/1.1" 200 11306 "-" "python-requests/2.28.0"
45.95.169.88 - - [06/May/2026:07:09:28 +0000] "GET /comment?text=<script>alert('xss')</script> HTTP/1.1" 403 1355 "-" "python-requests/2.28.0"
194.165.16.77 - - [06/May/2026:10:15:28 +0000] "GET /search?q='+OR+'1'='1 HTTP/1.1" 200 38662 "-" "Mozilla/5.0 (Macintosh; Intel Mac OS X 10_15_7)"
192.168.1.20 - - [06/May/2026:12:14:28 +0000] "GET /index.html HTTP/1.1" 200 2896 "-" "sqlmap/1.7"
192.168.1.10 - - [06/May/2026:05:38:28 +0000] "GET /index.html HTTP/1.1" 200 939 "-" "python-requests/2.28.0"
10.0.0.5 - - [06/May/2026:08:36:28 +0000] "GET /about HTTP/1.1" 200 13982 "-" "python-requests/2.28.0"
172.16.0.200 - - [06/May/2026:13:22:28 +0000] "GET /index.html HTTP/1.1" 200 30886 "-" "Mozilla/5.0 (Windows NT 10.0; Win64; x64) AppleWebKit/537.36"
51.75.52.118 - - [06/May/2026:08:02:28 +0000] "GET /products?cat=1;+DROP+TABLE+users-- HTTP/1.1" 403 38074 "-" "sqlmap/1.7"
10.0.0.15 - - [06/May/2026:10:36:28 +0000] "GET /api/products HTTP/1.1" 200 32016 "-" "curl/7.68.0"
10.0.0.5 - - [06/May/2026:07:17:28 +0000] "GET /api/users/me HTTP/1.1" 200 6924 "-" "Mozilla/5.0 (Windows NT 10.0; Win64; x64) AppleWebKit/537.36"
185.56.83.100 - - [06/May/2026:07:52:28 +0000] "GET /admin/backup HTTP/1.1" 404 7946 "-" "python-requests/2.28.0"
192.168.1.10 - - [06/May/2026:11:50:28 +0000] "GET /css/style.css HTTP/1.1" 200 25492 "-" "python-requests/2.28.0"
185.56.83.100 - - [06/May/2026:11:17:28 +0000] "GET /feedback?msg=javascript:alert('XSS') HTTP/1.1" 200 1843 "-" "python-requests/2.28.0"
45.155.205.233 - - [06/May/2026:09:57:28 +0000] "GET /api/users?id=1'+UNION+SELECT+password+FROM+users-- HTTP/1.1" 200 40435 "-" "sqlmap/1.7"
23.129.64.100 - - [06/May/2026:09:03:28 +0000] "GET /login?user=admin'-- HTTP/1.1" 500 16698 "-" "Mozilla/5.0 (Macintosh; Intel Mac OS X 10_15_7)"
23.129.64.100 - - [06/May/2026:09:10:28 +0000] "POST /api/login HTTP/1.1" 401 25199 "-" "sqlmap/1.7"
192.168.1.10 - - [06/May/2026:06:12:28 +0000] "GET /api/users/me HTTP/1.1" 200 31888 "-" "curl/7.68.0"
92.118.160.1 - - [06/May/2026:07:47:28 +0000] "GET /admin/.env HTTP/1.1" 404 44165 "-" "Mozilla/5.0 (Macintosh; Intel Mac OS X 10_15_7)"
198.98.51.189 - - [06/May/2026:07:50:28 +0000] "GET /api/users?id=1'+UNION+SELECT+password+FROM+users-- HTTP/1.1" 200 47428 "-" "python-requests/2.28.0"
45.155.205.233 - - [06/May/2026:08:17:28 +0000] "POST /api/login HTTP/1.1" 401 22848 "-" "curl/7.68.0"
172.16.0.100 - - [06/May/2026:09:43:28 +0000] "GET /api/products HTTP/1.1" 200 17425 "-" "curl/7.68.0"
45.155.205.233 - - [06/May/2026:12:44:28 +0000] "POST /api/login HTTP/1.1" 401 49837 "-" "sqlmap/1.7"
45.155.205.233 - - [06/May/2026:07:44:28 +0000] "GET /download?file=../../../etc/hosts HTTP/1.1" 403 19192 "-" "curl/7.68.0"
192.168.1.20 - - [06/May/2026:06:02:28 +0000] "GET /dashboard HTTP/1.1" 200 38730 "-" "python-requests/2.28.0"
172.16.0.100 - - [06/May/2026:05:53:28 +0000] "GET /api/status HTTP/1.1" 200 31135 "-" "curl/7.68.0"
192.168.1.10 - - [06/May/2026:09:59:28 +0000] "GET /about HTTP/1.1" 200 42603 "-" "python-requests/2.28.0"
10.0.0.5 - - [06/May/2026:06:46:28 +0000] "GET /api/status HTTP/1.1" 200 4259 "-" "Nikto/2.1.6"
103.251.167.10 - - [06/May/2026:09:00:28 +0000] "GET /search?q=1'+OR+1=1-- HTTP/1.1" 500 23278 "-" "sqlmap/1.7"
23.129.64.100 - - [06/May/2026:11:57:28 +0000] "GET /search?q=1'+OR+1=1-- HTTP/1.1" 403 555 "-" "Mozilla/5.0 (Macintosh; Intel Mac OS X 10_15_7)"
10.0.0.5 - - [06/May/2026:06:40:28 +0000] "GET /api/users/me HTTP/1.1" 200 6209 "-" "Mozilla/5.0 (Windows NT 10.0; Win64; x64) AppleWebKit/537.36"
23.129.64.100 - - [06/May/2026:07:38:28 +0000] "GET /profile?name=<script>document.cookie</script> HTTP/1.1" 200 44336 "-" "python-requests/2.28.0"
192.168.1.20 - - [06/May/2026:12:22:28 +0000] "GET /index.html HTTP/1.1" 200 19771 "-" "sqlmap/1.7"
10.0.0.5 - - [06/May/2026:11:36:28 +0000] "GET /api/status HTTP/1.1" 200 25260 "-" "Mozilla/5.0 (Macintosh; Intel Mac OS X 10_15_7)"
109.70.100.1 - - [06/May/2026:05:49:28 +0000] "GET /api/users?id=1'+UNION+SELECT+password+FROM+users-- HTTP/1.1" 403 1217 "-" "python-requests/2.28.0"
194.165.16.77 - - [06/May/2026:07:14:28 +0000] "POST /api/login HTTP/1.1" 401 49855 "-" "Nikto/2.1.6"
172.16.0.200 - - [06/May/2026:08:57:28 +0000] "GET /js/app.js HTTP/1.1" 200 35627 "-" "Nikto/2.1.6"
23.129.64.100 - - [06/May/2026:12:30:28 +0000] "POST /api/login HTTP/1.1" 401 19041 "-" "Nikto/2.1.6"
172.16.0.100 - - [06/May/2026:09:50:28 +0000] "GET /api/status HTTP/1.1" 200 14849 "-" "sqlmap/1.7"
109.70.100.1 - - [06/May/2026:07:55:28 +0000] "GET /login?user=admin'-- HTTP/1.1" 403 35745 "-" "Nikto/2.1.6"
185.220.101.1 - - [06/May/2026:06:59:28 +0000] "POST /api/login HTTP/1.1" 401 37234 "-" "Nikto/2.1.6"
192.168.1.10 - - [06/May/2026:13:37:28 +0000] "GET /api/products HTTP/1.1" 200 8410 "-" "Mozilla/5.0 (Macintosh; Intel Mac OS X 10_15_7)"
185.220.101.1 - - [06/May/2026:09:53:28 +0000] "POST /api/login HTTP/1.1" 401 2981 "-" "Nikto/2.1.6"
171.25.193.20 - - [06/May/2026:11:52:28 +0000] "GET /search?q=1'+OR+1=1-- HTTP/1.1" 200 10438 "-" "curl/7.68.0"
172.16.0.100 - - [06/May/2026:12:05:28 +0000] "GET /css/style.css HTTP/1.1" 200 8244 "-" "python-requests/2.28.0"
172.16.0.100 - - [06/May/2026:09:09:28 +0000] "GET /images/logo.png HTTP/1.1" 200 6686 "-" "Mozilla/5.0 (Windows NT 10.0; Win64; x64) AppleWebKit/537.36"
10.0.0.5 - - [06/May/2026:11:31:28 +0000] "GET /api/status HTTP/1.1" 200 10832 "-" "Mozilla/5.0 (Macintosh; Intel Mac OS X 10_15_7)"
194.165.16.77 - - [06/May/2026:10:46:28 +0000] "GET /products?cat=1;+DROP+TABLE+users-- HTTP/1.1" 200 3119 "-" "Mozilla/5.0 (Windows NT 10.0; Win64; x64) AppleWebKit/537.36"
92.118.160.1 - - [06/May/2026:08:43:28 +0000] "GET /images/../../../etc/shadow HTTP/1.1" 403 17688 "-" "Nikto/2.1.6"
45.155.205.233 - - [06/May/2026:09:28:28 +0000] "POST /api/login HTTP/1.1" 401 32591 "-" "Mozilla/5.0 (Macintosh; Intel Mac OS X 10_15_7)"
172.16.0.200 - - [06/May/2026:07:40:28 +0000] "GET /js/app.js HTTP/1.1" 200 14273 "-" "Nikto/2.1.6"
198.98.51.189 - - [06/May/2026:13:29:28 +0000] "GET /search?q='+OR+'1'='1 HTTP/1.1" 403 35224 "-" "python-requests/2.28.0"
109.70.100.1 - - [06/May/2026:13:13:28 +0000] "GET /admin/phpmyadmin HTTP/1.1" 404 44250 "-" "Mozilla/5.0 (Macintosh; Intel Mac OS X 10_15_7)"
192.168.1.20 - - [06/May/2026:12:52:28 +0000] "GET /contact HTTP/1.1" 200 43404 "-" "Nikto/2.1.6"
172.16.0.200 - - [06/May/2026:10:57:28 +0000] "GET /js/app.js HTTP/1.1" 200 43881 "-" "sqlmap/1.7"
103.251.167.10 - - [06/May/2026:11:13:28 +0000] "GET /profile?name=<script>document.cookie</script> HTTP/1.1" 403 2220 "-" "sqlmap/1.7"
172.16.0.100 - - [06/May/2026:10:09:28 +0000] "GET /api/users/me HTTP/1.1" 200 28161 "-" "sqlmap/1.7"
192.168.1.20 - - [06/May/2026:06:01:28 +0000] "GET /dashboard HTTP/1.1" 200 11835 "-" "Mozilla/5.0 (Macintosh; Intel Mac OS X 10_15_7)"
92.118.160.1 - - [06/May/2026:07:18:28 +0000] "GET /static/%2e%2e%2f%2e%2e%2fetc/passwd HTTP/1.1" 403 39053 "-" "Nikto/2.1.6"
192.168.1.10 - - [06/May/2026:09:46:28 +0000] "GET /dashboard HTTP/1.1" 200 2891 "-" "curl/7.68.0"
51.75.52.118 - - [06/May/2026:10:12:28 +0000] "GET /static/../../../../etc/passwd HTTP/1.1" 403 35100 "-" "python-requests/2.28.0"
10.0.0.15 - - [06/May/2026:08:28:28 +0000] "GET /api/users/me HTTP/1.1" 200 11583 "-" "curl/7.68.0"
10.0.0.15 - - [06/May/2026:06:22:28 +0000] "GET /dashboard HTTP/1.1" 200 4412 "-" "Nikto/2.1.6"
172.16.0.200 - - [06/May/2026:11:11:28 +0000] "GET /js/app.js HTTP/1.1" 200 38985 "-" "Mozilla/5.0 (Macintosh; Intel Mac OS X 10_15_7)"
92.118.160.1 - - [06/May/2026:06:50:28 +0000] "GET /api/data?id=1+UNION+SELECT+*+FROM+users-- HTTP/1.1" 200 17412 "-" "curl/7.68.0"
171.25.193.20 - - [06/May/2026:07:57:28 +0000] "GET /download?file=../../../etc/hosts HTTP/1.1" 403 29263 "-" "curl/7.68.0"
45.95.169.88 - - [06/May/2026:06:13:28 +0000] "GET /products?cat=1;+DROP+TABLE+users-- HTTP/1.1" 500 19180 "-" "Mozilla/5.0 (Windows NT 10.0; Win64; x64) AppleWebKit/537.36"
162.247.74.204 - - [06/May/2026:12:51:28 +0000] "GET /search?q=1'+OR+1=1-- HTTP/1.1" 200 6518 "-" "python-requests/2.28.0"
194.165.16.77 - - [06/May/2026:07:48:28 +0000] "POST /api/login HTTP/1.1" 401 3576 "-" "Mozilla/5.0 (Macintosh; Intel Mac OS X 10_15_7)"
172.16.0.200 - - [06/May/2026:12:57:28 +0000] "GET /dashboard HTTP/1.1" 200 45878 "-" "Nikto/2.1.6"
185.56.83.100 - - [06/May/2026:13:36:28 +0000] "GET /feedback?msg=javascript:alert('XSS') HTTP/1.1" 200 35199 "-" "Mozilla/5.0 (Windows NT 10.0; Win64; x64) AppleWebKit/537.36"
185.56.83.100 - - [06/May/2026:06:37:28 +0000] "GET /admin/.env HTTP/1.1" 404 3660 "-" "curl/7.68.0"
10.0.0.15 - - [06/May/2026:10:17:28 +0000] "GET /api/products HTTP/1.1" 200 33259 "-" "Mozilla/5.0 (Windows NT 10.0; Win64; x64) AppleWebKit/537.36"
192.168.1.20 - - [06/May/2026:11:34:28 +0000] "GET /contact HTTP/1.1" 200 43613 "-" "sqlmap/1.7"
10.0.0.15 - - [06/May/2026:12:34:28 +0000] "GET /js/app.js HTTP/1.1" 200 36395 "-" "python-requests/2.28.0"
194.165.16.77 - - [06/May/2026:06:11:28 +0000] "POST /api/login HTTP/1.1" 401 25694 "-" "Mozilla/5.0 (Macintosh; Intel Mac OS X 10_15_7)"
92.118.160.1 - - [06/May/2026:06:08:28 +0000] "GET /admin/wp-login.php HTTP/1.1" 404 48029 "-" "sqlmap/1.7"
185.56.83.100 - - [06/May/2026:09:19:28 +0000] "GET /profile?name=<script>document.cookie</script> HTTP/1.1" 403 4608 "-" "Nikto/2.1.6"
185.220.101.1 - - [06/May/2026:09:49:28 +0000] "POST /api/login HTTP/1.1" 401 5167 "-" "curl/7.68.0"
162.247.74.204 - - [06/May/2026:07:32:28 +0000] "GET /static/%2e%2e%2f%2e%2e%2fetc/passwd HTTP/1.1" 403 46221 "-" "sqlmap/1.7"
89.248.167.131 - - [06/May/2026:07:25:28 +0000] "GET /search?q=1'+OR+1=1-- HTTP/1.1" 500 40300 "-" "Mozilla/5.0 (Windows NT 10.0; Win64; x64) AppleWebKit/537.36"
172.16.0.100 - - [06/May/2026:09:32:28 +0000] "GET /images/logo.png HTTP/1.1" 200 48850 "-" "sqlmap/1.7"
162.247.74.204 - - [06/May/2026:08:47:28 +0000] "GET /api/users?id=1'+UNION+SELECT+password+FROM+users-- HTTP/1.1" 500 5429 "-" "python-requests/2.28.0"
192.168.1.20 - - [06/May/2026:11:10:28 +0000] "GET /js/app.js HTTP/1.1" 200 36034 "-" "Mozilla/5.0 (Windows NT 10.0; Win64; x64) AppleWebKit/537.36"
172.16.0.200 - - [06/May/2026:11:01:28 +0000] "GET /api/users/me HTTP/1.1" 200 25103 "-" "python-requests/2.28.0"
89.248.167.131 - - [06/May/2026:05:29:28 +0000] "GET /admin/backup HTTP/1.1" 404 49031 "-" "Nikto/2.1.6"
10.0.0.15 - - [06/May/2026:13:03:28 +0000] "GET /about HTTP/1.1" 200 38795 "-" "curl/7.68.0"
89.248.167.131 - - [06/May/2026:08:06:28 +0000] "GET /admin/wp-login.php HTTP/1.1" 404 13822 "-" "curl/7.68.0"
192.168.1.10 - - [06/May/2026:05:39:28 +0000] "GET /dashboard HTTP/1.1" 200 20442 "-" "Mozilla/5.0 (Macintosh; Intel Mac OS X 10_15_7)"
10.0.0.5 - - [06/May/2026:08:20:28 +0000] "GET /about HTTP/1.1" 200 12706 "-" "python-requests/2.28.0"
171.25.193.20 - - [06/May/2026:11:33:28 +0000] "GET /api/data?id=1+UNION+SELECT+*+FROM+users-- HTTP/1.1" 403 14595 "-" "python-requests/2.28.0"
192.168.1.20 - - [06/May/2026:11:28:28 +0000] "GET /index.html HTTP/1.1" 200 47836 "-" "Mozilla/5.0 (Macintosh; Intel Mac OS X 10_15_7)"
89.248.167.131 - - [06/May/2026:06:39:28 +0000] "GET /profile?name=<script>document.cookie</script> HTTP/1.1" 403 1460 "-" "Nikto/2.1.6"
10.0.0.5 - - [06/May/2026:09:51:28 +0000] "GET /index.html HTTP/1.1" 200 3600 "-" "sqlmap/1.7"
172.16.0.100 - - [06/May/2026:06:48:28 +0000] "GET /api/users/me HTTP/1.1" 200 11050 "-" "python-requests/2.28.0"
192.168.1.10 - - [06/May/2026:07:20:28 +0000] "GET /index.html HTTP/1.1" 200 34600 "-" "Mozilla/5.0 (Windows NT 10.0; Win64; x64) AppleWebKit/537.36"
185.220.101.1 - - [06/May/2026:07:33:28 +0000] "GET /download?file=../../../etc/hosts HTTP/1.1" 403 33577 "-" "Mozilla/5.0 (Windows NT 10.0; Win64; x64) AppleWebKit/537.36"
10.0.0.5 - - [06/May/2026:12:26:28 +0000] "GET /images/logo.png HTTP/1.1" 200 20314 "-" "Mozilla/5.0 (Macintosh; Intel Mac OS X 10_15_7)"
89.248.167.131 - - [06/May/2026:07:28:28 +0000] "GET /admin/backup HTTP/1.1" 404 42802 "-" "Mozilla/5.0 (Macintosh; Intel Mac OS X 10_15_7)"
116.105.212.50 - - [06/May/2026:07:16:28 +0000] "GET /static/../../../../etc/passwd HTTP/1.1" 403 18188 "-" "Nikto/2.1.6"
198.98.51.189 - - [06/May/2026:12:27:28 +0000] "GET /search?q=1'+OR+1=1-- HTTP/1.1" 200 23726 "-" "python-requests/2.28.0"
